// Jest Snapshot v1, https://goo.gl/fbAQLP

exports[`click the navigation link item 1`] = `
<li>
  item dummy 1
</li>
`;
