// Jest Snapshot v1, https://goo.gl/fbAQLP

exports[`Navigation component snapshot navigation 1`] = `
<nav>
  <ul>
    <li
      id="1"
      onClick={[Function]}
    >
      item dummy 1
    </li>
    <li
      id="2"
      onClick={[Function]}
    >
      item dummy 2
    </li>
  </ul>
</nav>
`;
