// Jest Snapshot v1, https://goo.gl/fbAQLP

exports[`NaviItem click the navigation link item 1`] = `
<div
  class="item"
  role="listitem"
>
  item dummy 1
</div>
`;
